
> Configure project :
Project version set to: 1.4.0-SNAPSHOT

> Task :compileJava
> Task :processResources UP-TO-DATE
> Task :classes
> Task :jar
> Task :compileTestJava
> Task :processTestResources UP-TO-DATE
> Task :testClasses
OpenJDK 64-Bit Server VM warning: Sharing is only supported for boot loader classes because bootstrap classpath has been appended
> Task :test

> Task :flight-patterns:compileJava
Note: Some input files use or override a deprecated API.
Note: Recompile with -Xlint:deprecation for details.

> Task :flight-patterns:processResources NO-SOURCE
> Task :flight-patterns:classes
> Task :flight-patterns:compileTestJava UP-TO-DATE
> Task :flight-patterns:processTestResources NO-SOURCE
> Task :flight-patterns:testClasses UP-TO-DATE
> Task :flight-patterns:test NO-SOURCE

Deprecated Gradle features were used in this build, making it incompatible with Gradle 9.0.

You can use '--warning-mode all' to show the individual deprecation warnings and determine if they come from your own scripts or plugins.

For more on this, please refer to https://docs.gradle.org/8.8/userguide/command_line_interface.html#sec:command_line_warnings in the Gradle documentation.

BUILD SUCCESSFUL in 18s
8 actionable tasks: 5 executed, 3 up-to-date
